HI-TECH Software C Compiler 

Linker command line:

--edf=D:\Program Files\HI-TECH Software\PICC-18\PRO\9.66\dat\en_msgs.txt \
  -cs -h+pg.sym -z -Q18F25K22 -ol.obj -Mpg.map -E1 -ACODE=00h-07FFFh \
  -ACONST=00h-07FFFh -ASMALLCONST=0600h-06FFhx122 \
  -AMEDIUMCONST=0600h-07FFFh -ACOMRAM=00h-05Fh -ARAM=00h-0FFhx5,0500h-059Fh \
  -ABIGRAM=00h-059Fh -AABS1=00h-059Fh -ABANK0=00h-0FFh -ABANK1=0100h-01FFh \
  -ABANK2=0200h-02FFh -ABANK3=0300h-03FFh -ABANK4=0400h-04FFh \
  -ABANK5=0500h-059Fh -ANVRAM=0500h-059Fh \
  -preset_vec=00h,intcode=08h,intcodelo,powerup,init,end_init \
  -pramtop=0600h -psmallconst=SMALLCONST -pmediumconst=MEDIUMCONST \
  -pconst=CONST -prparam=COMRAM -AFARRAM=00h-00h -ACONFIG=0300000h-030000Dh \
  -pconfig=CONFIG -AIDLOC=0200000h-0200007h -pidloc=IDLOC \
  -AEEDATA=0F00000h-0F000FFh -peeprom_data=EEDATA \
  -prdata=COMRAM,nvrram=COMRAM,nvbit=COMRAM,rbss=COMRAM,rbit=COMRAM \
  -pfarbss=FARRAM,fardata=FARRAM \
  -pintsave_regs=BIGRAM,bigbss=BIGRAM,bigdata=BIGRAM -pbss=RAM \
  -pidata=CODE,irdata=CODE,ibigdata=CODE,ifardata=CODE startup.obj pg.obj 

Object code version is 3.10

Machine type is 18F25K22

Call graph: (short form)

*_main size 0,2 offset 0
*    _modbus_receive size 0,0 offset 2
*        _modbus_crc16 size 4,0 offset 15
*        _read_holding_regs size 0,13 offset 2
*            _modbus_crc16 size 4,0 offset 15
         _write_single_holding_reg size 0,4 offset 2

Estimated maximum call depth: 3

*intlevel2 size 0,0 offset 19
*    _my_isr size 0,2 offset 19
*        _rec_isr size 0,2 offset 21
         _tx_isr size 0,1 offset 21
         _timer35_isr size 0,0 offset 21

Estimated maximum call depth: 2


                Name          Link     Load   Length Selector Space Scale
startup.obj     init            14       14       24       4     0
                reset_vec        0        0        4       0     0
                end_init        38       38        8       4     0
pg.obj          intcode          8        8        C       4     0
                mediumcon     7DFE     7DFE      202    3EFF     0
                text8          17C      17C       7C       4     0
                text7          30E      30E       34       4     0
                text6          372      372       24       4     0
                pa_nodes       3AC      3AC       10       4     0
                text1          25C      25C       5A       4     0
                text0          342      342       30       4     0
                text2           40       40      13C       4     0
                text5          396      396       16       4     0
                text4          2B6      2B6       58       4     0
                text3          1F8      1F8       64       4     0

COMMON          rparam          37       37       17      37     1

TOTAL           Name          Link     Load   Length  Space
        CLASS   CODE           
                init            14       14       24     0
                intcode          8        8        C     0
                reset_vec        0        0        4     0
                end_init        38       38        8     0
                text8          17C      17C       7C     0
                text7          30E      30E       34     0
                text6          372      372       24     0
                pa_nodes       3AC      3AC       10     0
                text1          25C      25C       5A     0
                text0          342      342       30     0
                text2           40       40      13C     0
                text5          396      396       16     0
                text4          2B6      2B6       58     0
                text3          1F8      1F8       64     0

        CLASS   CONST          

        CLASS   SMALLCONST     

        CLASS   MEDIUMCONST    
                mediumcon     7DFE     7DFE      202     0

        CLASS   COMRAM         
                rparam          37       37       17     1

        CLASS   RAM            

        CLASS   BIGRAM         

        CLASS   ABS1           
                abs_s1           0        0       37     1
                abs_s1          60       60       33     1
                abs_s1         100      100       C8     1

        CLASS   BANK0          

        CLASS   BANK1          

        CLASS   BANK2          

        CLASS   BANK3          

        CLASS   BANK4          

        CLASS   BANK5          

        CLASS   NVRAM          

        CLASS   FARRAM         

        CLASS   CONFIG         

        CLASS   IDLOC          

        CLASS   EEDATA         



SEGMENTS        Name           Load    Length   Top     Selector    Space Class

                reset_vec       000000  000004  000004         0       0  CODE    
                intcode         000008  0003B4  0003BC         4       0  CODE    
                rparam          000037  000017  00004E        37       1  COMRAM  
                mediumconst     007DFE  000202  008000      3EFF       0  MEDIUMCO


UNUSED ADDRESS RANGES

        BANK0            00004E-00005F
                         000093-0000FF
        BANK1            0001C8-0001FF
        BANK2            000200-0002FF
        BANK3            000300-0003FF
        BANK4            000400-0004FF
        BANK5            000500-00059F
        BIGRAM           00004E-00005F
                         000093-0000FF
                         0001C8-00059F
        CODE             000004-000007
                         0003BC-007DFD
        COMRAM           00004E-00005F
        CONFIG           300000-30000D
        CONST            000004-000007
                         0003BC-007DFD
        EEDATA           F00000-F000FF
        IDLOC            200000-200007
        MEDIUMCONST      000600-007DFD
        NVRAM            000500-00059F
        RAM              00004E-00005F
                         000093-0000FF
                         0001C8-00059F
        SMALLCONST       000600-007DFD

                                  Symbol Table

??_main                           rparam       000037
??_modbus_crc16                   rparam       00004A
??_modbus_receive                 rparam       000039
??_my_isr                         rparam       00004A
??_read_holding_regs              rparam       000039
??_rec_isr                        rparam       00004C
??_timer35_isr                    rparam       00004C
??_tx_isr                         rparam       00004C
??_write_single_holding_reg       rparam       000039
?_main                            rparam       000037
?_modbus_crc16                    rparam       000046
?_modbus_receive                  rparam       000039
?_my_isr                          rparam       00004A
?_read_holding_regs               rparam       000039
?_rec_isr                         rparam       00004C
?_timer35_isr                     rparam       00004C
?_tx_isr                          rparam       00004C
?_write_single_holding_reg        rparam       000039
F3867                             (abs)        000036
_ANSELC                           (abs)        000F3A
_BRGH1                            (abs)        007D62
_CREN1                            (abs)        007D5C
_GIE                              (abs)        007F97
_PEIE                             (abs)        007F96
_PORTC                            (abs)        000F82
_RC1IE                            (abs)        007CED
_RC1IF                            (abs)        007CF5
_RC1REG                           (abs)        000FAE
_SPBRG1                           (abs)        000FAF
_SPEN1                            (abs)        007D5F
_SYNC1                            (abs)        007D64
_T1CKPS0                          (abs)        007E6C
_T1CKPS1                          (abs)        007E6D
_TMR1                             (abs)        000FCE
_TMR1CS0                          (abs)        007E6E
_TMR1CS1                          (abs)        007E6F
_TMR1IE                           (abs)        007CE8
_TMR1IF                           (abs)        007CF0
_TMR1ON                           (abs)        007E68
_TRISC                            (abs)        000F94
_TX1IE                            (abs)        007CEC
_TX1IF                            (abs)        007CF4
_TX1REG                           (abs)        000FAD
_TXEN1                            (abs)        007D65
__Bnvbit                          nvbit        00004E
__Brbit                           rbit         00004E
__HRAM                            (abs)        000000
__Habsbss0                        (abs)        000037
__Habsbss1                        (abs)        000093
__Habsbss2                        (abs)        0001C8
__Hbigbss                         bigbss       0001C8
__Hbigdata                        bigdata      0001C8
__Hbss                            bss          000093
__Hclrtext                        clrtext      000040
__Hconfig                         config       300000
__Hconst                          const        000040
__Hdata                           data         000040
__Heeprom_data                    eeprom_data  F00000
__Hend_init                       end_init     000040
__Hfarbss                         farbss       000000
__Hfardata                        fardata      000000
__Hibigdata                       ibigdata     000040
__Hidata                          idata        000040
__Hidloc                          idloc        200000
__Hifardata                       ifardata     000040
__Hinit                           init         000038
__Hintcode                        intcode      000014
__Hintcodelo                      intcodelo    000014
__Hintentry                       intentry     000040
__Hintret                         intret       000040
__Hintsave_regs                   intsave_regs 0001C8
__Hirdata                         irdata       000040
__Hmediumconst                    mediumconst  008000
__Hnvbit                          nvbit        000270
__Hnvram                          nvram        000040
__Hnvrram                         nvrram       00004E
__Hpa_nodes                       pa_nodes     000040
__Hparam                          rparam       00004E
__Hparam0                         param0       000040
__Hparam1                         param1       000040
__Hparam2                         param2       000040
__Hparam3                         param3       000040
__Hparam4                         param4       000040
__Hparam5                         param5       000040
__Hpowerup                        powerup      000014
__Hramtop                         ramtop       000600
__Hrbit                           rbit         000270
__Hrbss                           rbss         00004E
__Hrdata                          rdata        00004E
__Hreset_vec                      reset_vec    000004
__Hrparam                         rparam       00004E
__Hsmallconst                     smallconst   000600
__Hstruct                         struct       00004E
__Htemp                           temp         00004E
__Htext                           text         000040
__Htext0                          text0        000040
__Htext1                          text1        000040
__Htext2                          text2        000040
__Htext3                          text3        000040
__Htext4                          text4        000040
__Htext5                          text5        000040
__Htext6                          text6        000040
__Htext7                          text7        000040
__Htext8                          text8        000040
__LRAM                            (abs)        000001
__Labsbss0                        (abs)        000000
__Labsbss1                        (abs)        000060
__Labsbss2                        (abs)        000100
__Lbigbss                         bigbss       0001C8
__Lbigdata                        bigdata      0001C8
__Lbss                            bss          000093
__Lclrtext                        clrtext      000040
__Lconfig                         config       300000
__Lconst                          const        000040
__Ldata                           (abs)        000000
__Leeprom_data                    eeprom_data  F00000
__Lend_init                       end_init     000038
__Lfarbss                         farbss       000000
__Lfardata                        fardata      000000
__Libigdata                       ibigdata     000040
__Lidata                          idata        000040
__Lidloc                          idloc        200000
__Lifardata                       ifardata     000040
__Linit                           init         000014
__Lintcode                        intcode      000008
__Lintcodelo                      intcodelo    000014
__Lintentry                       intentry     000040
__Lintret                         intret       000040
__Lintsave_regs                   intsave_regs 0001C8
__Lirdata                         irdata       000040
__Lmediumconst                    mediumconst  007DFE
__Lnvbit                          nvbit        000270
__Lnvram                          nvram        000040
__Lnvrram                         nvrram       00004E
__Lpa_nodes                       pa_nodes     000040
__Lparam                          rparam       000037
__Lparam0                         param0       000040
__Lparam1                         param1       000040
__Lparam2                         param2       000040
__Lparam3                         param3       000040
__Lparam4                         param4       000040
__Lparam5                         param5       000040
__Lpowerup                        powerup      000014
__Lramtop                         ramtop       000600
__Lrbit                           rbit         000270
__Lrbss                           rbss         00004E
__Lrdata                          rdata        00004E
__Lreset_vec                      reset_vec    000000
__Lrparam                         rparam       000037
__Lsmallconst                     smallconst   000600
__Lstruct                         struct       00004E
__Ltemp                           temp         00004E
__Ltext                           text         000040
__Ltext0                          text0        000040
__Ltext1                          text1        000040
__Ltext2                          text2        000040
__Ltext3                          text3        000040
__Ltext4                          text4        000040
__Ltext5                          text5        000040
__Ltext6                          text6        000040
__Ltext7                          text7        000040
__Ltext8                          text8        000040
__S0                              (abs)        F00000
__S1                              (abs)        000500
__accesstop                       (abs)        000060
__activetblptr                    (abs)        000002
__end_of_main                     text0        000372
__end_of_modbus_crc16             text4        00030E
__end_of_modbus_receive           text1        0002B6
__end_of_my_isr                   text5        0003AC
__end_of_read_holding_regs        text2        00017C
__end_of_rec_isr                  text8        0001F8
__end_of_timer35_isr              text6        000396
__end_of_tx_isr                   text7        000342
__end_of_write_single_holding_reg text3        00025C
__mediumconst                     mediumconst  007DFE
__ramtop                          ramtop       000600
__smallconst                      smallconst   000600
_aucCRCHi                         mediumconst  007DFE
_aucCRCLo                         mediumconst  007EFE
_exit                             init         000014
_main                             text0        000342
_modbus_crc16                     text4        0002B6
_modbus_receive                   text1        00025C
_modbus_reg                       (abs)        000100
_my_isr                           text5        000396
_read_holding_regs                text2        000040
_rec_isr                          text8        00017C
_rx_buf                           (abs)        000000
_rx_state                         (abs)        000035
_timer35_isr                      text6        000372
_tx_buf                           (abs)        000060
_tx_isr                           text7        00030E
_write_single_holding_reg         text3        0001F8
int_func                          intcode      000008
intlevel0                         text         0003BC
intlevel1                         text         0003BC
intlevel2                         text         0003BC
intlevel3                         text         0003BC
main@md_keep                      rparam       000037
modbus_crc16@pucFrame             rparam       000046
modbus_crc16@usLen                rparam       000048
read_holding_regs@data_crc        rparam       00003B
read_holding_regs@num             rparam       00003D
read_holding_regs@start_addr      rparam       000039
rec_isr@rec_data                  rparam       00004C
start                             init         000014
