HI-TECH Software C Compiler 

Linker command line:

--edf=d:\Program Files\HI-TECH Software\PICC-18\PRO\9.66\dat\en_msgs.txt \
  -cs -h+dist/default/production\pic_modbus.X.production.sym -z -Q18F25K22 \
  -ol.obj -Mdist/default/production/pic_modbus.X.production.map -E1 \
  -ACODE=00h-07FFFh -ACONST=00h-07FFFh -ASMALLCONST=0600h-06FFhx122 \
  -AMEDIUMCONST=0600h-07FFFh -ACOMRAM=00h-05Fh -ARAM=00h-0FFhx5,0500h-059Fh \
  -ABIGRAM=00h-059Fh -AABS1=00h-059Fh -ABANK0=00h-0FFh -ABANK1=0100h-01FFh \
  -ABANK2=0200h-02FFh -ABANK3=0300h-03FFh -ABANK4=0400h-04FFh \
  -ABANK5=0500h-059Fh -ANVRAM=0500h-059Fh \
  -preset_vec=00h,intcode=08h,intcodelo,powerup,init,end_init \
  -pramtop=0600h -psmallconst=SMALLCONST -pmediumconst=MEDIUMCONST \
  -pconst=CONST -pparam2=BANK2 -AFARRAM=00h-00h -ACONFIG=0300000h-030000Dh \
  -pconfig=CONFIG -AIDLOC=0200000h-0200007h -pidloc=IDLOC \
  -AEEDATA=0F00000h-0F000FFh -peeprom_data=EEDATA \
  -prdata=COMRAM,nvrram=COMRAM,nvbit=COMRAM,rbss=COMRAM,rbit=COMRAM \
  -pfarbss=FARRAM,fardata=FARRAM \
  -pintsave_regs=BIGRAM,bigbss=BIGRAM,bigdata=BIGRAM -pbss=RAM \
  -pidata=CODE,irdata=CODE,ibigdata=CODE,ifardata=CODE \
  C:\DOCUME~1\ADMINI~1\LOCALS~1\Temp\s3ss.obj \
  dist/default/production\pic_modbus.X.production.obj 

Object code version is 3.10

Machine type is 18F25K22

Call graph: (short form)

*_main size 0,2 offset 0
*    _modbus_receive size 0,1 offset 2
*        _modbus_crc16 size 4,5 offset 17
*        _read_holding_regs size 0,14 offset 3
*            _modbus_crc16 size 4,5 offset 17
         _write_single_holding_reg size 0,7 offset 3

Estimated maximum call depth: 3

*intlevel2 size 0,0 offset 26
*    _my_isr size 0,14 offset 26
*        _rec_isr size 0,2 offset 40
         _tx_isr size 0,1 offset 40
         _timer35_isr size 0,1 offset 40

Estimated maximum call depth: 2


                Name          Link     Load   Length Selector Space Scale
C:\DOCUME~1\ADMINI~1\LOCALS~1\Temp\s3ss.obj
                init            18       18       18       4     0
                reset_vec        0        0        4       0     0
                end_init        30       30       16       4     0
dist/default/production\pic_modbus.X.production.obj
                intcode          8        8       10       4     0
                mediumcon     7DFE     7DFE      202    3EFF     0
                text7          638      638       9E       4     0
                text6          7BC      7BC       70       4     0
                text8          2A0      2A0      120       4     0
                text1          3C0      3C0      10A       4     0
                text0          6D6      6D6       74       4     0
                text2           46       46      25A       4     0
                text5          74A      74A       72       4     0
                text4          586      586       B2       4     0
                text3          4CA      4CA       BC       4     0

COMMON          param2         200      200       2A     200     1

TOTAL           Name          Link     Load   Length  Space
        CLASS   CODE           
                init            18       18       18     0
                intcode          8        8       10     0
                reset_vec        0        0        4     0
                end_init        30       30       16     0
                text7          638      638       9E     0
                text6          7BC      7BC       70     0
                text8          2A0      2A0      120     0
                text1          3C0      3C0      10A     0
                text0          6D6      6D6       74     0
                text2           46       46      25A     0
                text5          74A      74A       72     0
                text4          586      586       B2     0
                text3          4CA      4CA       BC     0

        CLASS   CONST          

        CLASS   SMALLCONST     

        CLASS   MEDIUMCONST    
                mediumcon     7DFE     7DFE      202     0

        CLASS   COMRAM         

        CLASS   RAM            

        CLASS   BIGRAM         

        CLASS   ABS1           
                abs_s1           0        0       FF     1
                abs_s1         100      100       33     1

        CLASS   BANK0          

        CLASS   BANK1          

        CLASS   BANK2          
                param2         200      200       2A     1

        CLASS   BANK3          

        CLASS   BANK4          

        CLASS   BANK5          

        CLASS   NVRAM          

        CLASS   FARRAM         

        CLASS   CONFIG         

        CLASS   IDLOC          

        CLASS   EEDATA         



SEGMENTS        Name           Load    Length   Top     Selector    Space Class

                reset_vec       000000  000004  000004         0       0  CODE    
                intcode         000008  000824  00082C         4       0  CODE    
                param2          000200  00002A  00022A       200       1  BANK2   
                mediumconst     007DFE  000202  008000      3EFF       0  MEDIUMCO


UNUSED ADDRESS RANGES

        BANK0            0000FF-0000FF
        BANK1            000133-0001FF
        BANK2            00022A-0002FF
        BANK3            000300-0003FF
        BANK4            000400-0004FF
        BANK5            000500-00059F
        BIGRAM           0000FF-0000FF
                         000133-0001FF
                         00022A-00059F
        CODE             000004-000007
                         00082C-007DFD
        CONFIG           300000-30000D
        CONST            000004-000007
                         00082C-007DFD
        EEDATA           F00000-F000FF
        IDLOC            200000-200007
        MEDIUMCONST      00082C-007DFD
        NVRAM            000500-00059F
        RAM              0000FF-0000FF
                         000133-0001FF
                         00022A-00059F
        SMALLCONST       00082C-007DFD

                                  Symbol Table

??_main                             param2       000200
??_modbus_crc16                     param2       000215
??_modbus_receive                   param2       000202
??_my_isr                           param2       00021A
??_read_holding_regs                param2       000203
??_rec_isr                          param2       000228
??_timer35_isr                      param2       000228
??_tx_isr                           param2       000228
??_write_single_holding_reg         param2       000203
?_main                              param2       000200
?_modbus_crc16                      param2       000211
?_modbus_receive                    param2       000202
?_my_isr                            param2       00021A
?_read_holding_regs                 param2       000203
?_rec_isr                           param2       000228
?_timer35_isr                       param2       000228
?_tx_isr                            param2       000228
?_write_single_holding_reg          param2       000203
F3904                               (abs)        0000FE
_ANSELC                             (abs)        000F3A
_BRGH1                              (abs)        007D62
_CREN1                              (abs)        007D5C
_GIE                                (abs)        007F97
_PEIE                               (abs)        007F96
_PORTC                              (abs)        000F82
_RC1IE                              (abs)        007CED
_RC1IF                              (abs)        007CF5
_RC1REG                             (abs)        000FAE
_SPBRG1                             (abs)        000FAF
_SPEN1                              (abs)        007D5F
_SYNC1                              (abs)        007D64
_T1CKPS0                            (abs)        007E6C
_T1CKPS1                            (abs)        007E6D
_TMR1                               (abs)        000FCE
_TMR1CS0                            (abs)        007E6E
_TMR1CS1                            (abs)        007E6F
_TMR1IE                             (abs)        007CE8
_TMR1IF                             (abs)        007CF0
_TMR1ON                             (abs)        007E68
_TRISC                              (abs)        000F94
_TX1IE                              (abs)        007CEC
_TX1IF                              (abs)        007CF4
_TX1REG                             (abs)        000FAD
_TXEN1                              (abs)        007D65
__HRAM                              (abs)        000000
__Habsbss0                          (abs)        0000FF
__Habsbss1                          (abs)        000133
__Hbigbss                           bigbss       00022A
__Hbigdata                          bigdata      00022A
__Hbss                              bss          0000FF
__Hclrtext                          clrtext      000046
__Hconfig                           config       300000
__Hconst                            const        000046
__Hdata                             data         000046
__Heeprom_data                      eeprom_data  F00000
__Hend_init                         end_init     000046
__Hfarbss                           farbss       000000
__Hfardata                          fardata      000000
__Hibigdata                         ibigdata     000046
__Hidata                            idata        000046
__Hidloc                            idloc        200000
__Hifardata                         ifardata     000046
__Hinit                             init         000030
__Hintcode                          intcode      000018
__Hintcodelo                        intcodelo    000018
__Hintentry                         intentry     000046
__Hintret                           intret       000046
__Hintsave_regs                     intsave_regs 00022A
__Hirdata                           irdata       000046
__Hmediumconst                      mediumconst  008000
__Hnvbit                            nvbit        000000
__Hnvram                            nvram        000046
__Hnvrram                           nvrram       000000
__Hparam                            param2       00022A
__Hparam0                           param0       000046
__Hparam1                           param1       000046
__Hparam2                           param2       00022A
__Hparam3                           param3       000046
__Hparam4                           param4       000046
__Hparam5                           param5       000046
__Hpowerup                          powerup      000018
__Hramtop                           ramtop       000600
__Hrbit                             rbit         000000
__Hrbss                             rbss         000000
__Hrdata                            rdata        000000
__Hreset_vec                        reset_vec    000004
__Hrparam                           rparam       000046
__Hsmallconst                       smallconst   000600
__Hstruct                           struct       000000
__Htemp                             temp         000000
__Htext                             text         000046
__Htext0                            text0        000046
__Htext1                            text1        000046
__Htext2                            text2        000046
__Htext3                            text3        000046
__Htext4                            text4        000046
__Htext5                            text5        000046
__Htext6                            text6        000046
__Htext7                            text7        000046
__Htext8                            text8        000046
__LRAM                              (abs)        000001
__Labsbss0                          (abs)        000000
__Labsbss1                          (abs)        000100
__Lbigbss                           bigbss       00022A
__Lbigdata                          bigdata      00022A
__Lbss                              bss          0000FF
__Lclrtext                          clrtext      000046
__Lconfig                           config       300000
__Lconst                            const        000046
__Ldata                             (abs)        000000
__Leeprom_data                      eeprom_data  F00000
__Lend_init                         end_init     000030
__Lfarbss                           farbss       000000
__Lfardata                          fardata      000000
__Libigdata                         ibigdata     000046
__Lidata                            idata        000046
__Lidloc                            idloc        200000
__Lifardata                         ifardata     000046
__Linit                             init         000018
__Lintcode                          intcode      000008
__Lintcodelo                        intcodelo    000018
__Lintentry                         intentry     000046
__Lintret                           intret       000046
__Lintsave_regs                     intsave_regs 00022A
__Lirdata                           irdata       000046
__Lmediumconst                      mediumconst  007DFE
__Lnvbit                            nvbit        000000
__Lnvram                            nvram        000046
__Lnvrram                           nvrram       000000
__Lparam                            param2       000200
__Lparam0                           param0       000046
__Lparam1                           param1       000046
__Lparam2                           param2       000200
__Lparam3                           param3       000046
__Lparam4                           param4       000046
__Lparam5                           param5       000046
__Lpowerup                          powerup      000018
__Lramtop                           ramtop       000600
__Lrbit                             rbit         000000
__Lrbss                             rbss         000000
__Lrdata                            rdata        000000
__Lreset_vec                        reset_vec    000000
__Lrparam                           rparam       000046
__Lsmallconst                       smallconst   000600
__Lstruct                           struct       000000
__Ltemp                             temp         000000
__Ltext                             text         000046
__Ltext0                            text0        000046
__Ltext1                            text1        000046
__Ltext2                            text2        000046
__Ltext3                            text3        000046
__Ltext4                            text4        000046
__Ltext5                            text5        000046
__Ltext6                            text6        000046
__Ltext7                            text7        000046
__Ltext8                            text8        000046
__S0                                (abs)        F00000
__S1                                (abs)        000500
__accesstop                         (abs)        000060
__activetblptr                      (abs)        000002
__end_of_main                       text0        00074A
__end_of_modbus_crc16               text4        000638
__end_of_modbus_receive             text1        0004CA
__end_of_my_isr                     text5        0007BC
__end_of_read_holding_regs          text2        0002A0
__end_of_rec_isr                    text8        0003C0
__end_of_timer35_isr                text6        00082C
__end_of_tx_isr                     text7        0006D6
__end_of_write_single_holding_reg   text3        000586
__mediumconst                       mediumconst  007DFE
__ramtop                            ramtop       000600
__smallconst                        smallconst   000600
_aucCRCHi                           mediumconst  007DFE
_aucCRCLo                           mediumconst  007EFE
_exit                               init         000018
_main                               text0        0006D6
_modbus_crc16                       text4        000586
_modbus_receive                     text1        0003C0
_modbus_reg                         (abs)        000035
_my_isr                             text5        00074A
_read_holding_regs                  text2        000046
_rec_isr                            text8        0002A0
_rx_buf                             (abs)        000000
_rx_state                           (abs)        0000FD
_timer35_isr                        text6        0007BC
_tx_buf                             (abs)        000100
_tx_isr                             text7        000638
_write_single_holding_reg           text3        0004CA
int_func                            intcode      000008
intlevel0                           text         00082C
intlevel1                           text         00082C
intlevel2                           text         00082C
intlevel3                           text         00082C
main@md_keep                        param2       000200
modbus_crc16@iIndex                 param2       000217
modbus_crc16@pucFrame               param2       000211
modbus_crc16@ucCRCHi                param2       000215
modbus_crc16@ucCRCLo                param2       000216
modbus_crc16@usLen                  param2       000213
read_holding_regs@data_crc          param2       000206
read_holding_regs@i                 param2       000203
read_holding_regs@num               param2       000208
read_holding_regs@start_addr        param2       000204
rec_isr@rec_data                    param2       000228
start                               init         000018
write_single_holding_reg@i          param2       000203
write_single_holding_reg@start_addr param2       000204
