HI-TECH Software C Compiler 

Linker command line:

--edf=D:\Program Files\HI-TECH Software\PICC-18\PRO\9.66\dat\en_msgs.txt \
  -cs -h+dist/default/production\pic_modbus.X.production.sym -z -Q18F25K22 \
  -ol.obj -Mdist/default/production/pic_modbus.X.production.map -E1 \
  -ACODE=00h-07FFFh -ACONST=00h-07FFFh -ASMALLCONST=0600h-06FFhx122 \
  -AMEDIUMCONST=0600h-07FFFh -ACOMRAM=00h-05Fh -ARAM=00h-0FFhx5,0500h-059Fh \
  -ABIGRAM=00h-059Fh -AABS1=00h-059Fh -ABANK0=00h-0FFh -ABANK1=0100h-01FFh \
  -ABANK2=0200h-02FFh -ABANK3=0300h-03FFh -ABANK4=0400h-04FFh \
  -ABANK5=0500h-059Fh -ANVRAM=0500h-059Fh \
  -preset_vec=00h,intcode=08h,intcodelo,powerup,init,end_init \
  -pramtop=0600h -psmallconst=SMALLCONST -pmediumconst=MEDIUMCONST \
  -pconst=CONST -pparam2=BANK2 -AFARRAM=00h-00h -ACONFIG=0300000h-030000Dh \
  -pconfig=CONFIG -AIDLOC=0200000h-0200007h -pidloc=IDLOC \
  -AEEDATA=0F00000h-0F000FFh -peeprom_data=EEDATA \
  -prdata=COMRAM,nvrram=COMRAM,nvbit=COMRAM,rbss=COMRAM,rbit=COMRAM \
  -pfarbss=FARRAM,fardata=FARRAM \
  -pintsave_regs=BIGRAM,bigbss=BIGRAM,bigdata=BIGRAM -pbss=RAM \
  -pidata=CODE,irdata=CODE,ibigdata=CODE,ifardata=CODE \
  C:\DOCUME~1\ADMINI~1\LOCALS~1\Temp\s41o.obj \
  dist/default/production\pic_modbus.X.production.obj 

Object code version is 3.10

Machine type is 18F25K22

Call graph: (short form)

*_main size 0,1 offset 0
     _init_timer3 size 0,0 offset 1
     _init_pv1 size 0,0 offset 1
*    _modbus_receive size 0,1 offset 1
*        _modbus_crc16 size 4,5 offset 16
*        _read_holding_regs size 0,14 offset 2
*            _modbus_crc16 size 4,5 offset 16
         _write_single_holding_reg size 0,7 offset 2

Estimated maximum call depth: 3

*intlevel2 size 0,0 offset 25
*    _my_isr size 0,14 offset 25
         _rec_isr size 0,2 offset 39
         _tx_isr size 0,1 offset 39
         _timer35_isr size 0,1 offset 39
         _timer3_isr size 0,0 offset 39
*        _pv1_isr size 0,0 offset 39
*            _get_speed size 0,1 offset 39
                 _start_timer3 size 0,0 offset 40
                 _stop_timer3 size 0,0 offset 40
*                ___aldiv size 8,7 offset 40
         _timer0_isr size 0,1 offset 39

Estimated maximum call depth: 4


                Name          Link     Load   Length Selector Space Scale
C:\DOCUME~1\ADMINI~1\LOCALS~1\Temp\s41o.obj
                init            18       18       2A       4     0
                reset_vec        0        0        4       0     0
                end_init        42       42       28       4     0
                config      300000   300000        E  300000     0
dist/default/production\pic_modbus.X.production.obj
                intcode          8        8       10       4     0
                mediumcon     7DFE     7DFE      202    3EFF     0
                idata           6A       6A        1       4     0
                text14         5D0      5D0      10A      36     0
                text15         2C2      2C2      1EE      36     0
                text16         CAE      CAE        C      36     0
                text11         4B0      4B0      120      36     0
                text12         A06      A06       92      36     0
                text13         B16      B16       70      36     0
                text17         CA2      CA2        C      36     0
                text10         BEA      BEA       64      36     0
                text2          C8C      C8C       16      36     0
                text3          C72      C72       1A      36     0
                text4           6C       6C      256      36     0
                text0          8A0      8A0       B4      36     0
                text1          6DA      6DA      10A      36     0
                text8          B86      B86       64      36     0
                text9          C4E      C4E       24      36     0
                text5          7E4      7E4       BC      36     0
                text6          954      954       B2      36     0
                text7          A98      A98       7E      36     0

COMMON          param2         200      200       37     200     1

TOTAL           Name          Link     Load   Length  Space
        CLASS   CODE           
                init            18       18       2A     0
                intcode          8        8       10     0
                reset_vec        0        0        4     0
                end_init        42       42       28     0
                idata           6A       6A        1     0
                text14         5D0      5D0      10A     0
                text15         2C2      2C2      1EE     0
                text16         CAE      CAE        C     0
                text11         4B0      4B0      120     0
                text12         A06      A06       92     0
                text13         B16      B16       70     0
                text17         CA2      CA2        C     0
                text10         BEA      BEA       64     0
                text2          C8C      C8C       16     0
                text3          C72      C72       1A     0
                text4           6C       6C      256     0
                text0          8A0      8A0       B4     0
                text1          6DA      6DA      10A     0
                text8          B86      B86       64     0
                text9          C4E      C4E       24     0
                text5          7E4      7E4       BC     0
                text6          954      954       B2     0
                text7          A98      A98       7E     0

        CLASS   CONST          

        CLASS   SMALLCONST     

        CLASS   MEDIUMCONST    
                mediumcon     7DFE     7DFE      202     0

        CLASS   COMRAM         

        CLASS   RAM            

        CLASS   BIGRAM         

        CLASS   ABS1           
                abs_s1           0        0       72     1
                abs_s1         100      100       C8     1

        CLASS   BANK0          

        CLASS   BANK1          

        CLASS   BANK2          
                param2         200      200       37     1

        CLASS   BANK3          

        CLASS   BANK4          

        CLASS   BANK5          

        CLASS   NVRAM          

        CLASS   FARRAM         

        CLASS   CONFIG         
                config      300000   300000        E     0

        CLASS   IDLOC          

        CLASS   EEDATA         



SEGMENTS        Name           Load    Length   Top     Selector    Space Class

                reset_vec       000000  000004  000004         0       0  CODE    
                intcode         000008  000063  00006B         4       0  CODE    
                irdata          00006C  000C4E  000CBA        36       0  CODE    
                param2          000200  000037  000237       200       1  BANK2   
                mediumconst     007DFE  000202  008000      3EFF       0  MEDIUMCO
                config          300000  00000E  30000E    300000       0  CONFIG  


UNUSED ADDRESS RANGES

        BANK0            000072-0000FF
        BANK1            0001C8-0001FF
        BANK2            000237-0002FF
        BANK3            000300-0003FF
        BANK4            000400-0004FF
        BANK5            000500-00059F
        BIGRAM           000072-0000FF
                         0001C8-0001FF
                         000237-00059F
        CODE             000004-000007
                         00006B-00006B
                         000CBA-007DFD
        CONST            000004-000007
                         00006B-00006B
                         000CBA-007DFD
        EEDATA           F00000-F000FF
        IDLOC            200000-200007
        MEDIUMCONST      000CBA-007DFD
        NVRAM            000500-00059F
        RAM              000072-0000FF
                         0001C8-0001FF
                         000237-00059F
        SMALLCONST       000CBA-007DFD

                                  Symbol Table

??___aldiv                          param2       000230
??_get_speed                        param2       000227
??_init_pv1                         param2       000201
??_init_timer3                      param2       000201
??_main                             param2       000200
??_modbus_crc16                     param2       000214
??_modbus_receive                   param2       000201
??_my_isr                           param2       000219
??_pv1_isr                          param2       000227
??_read_holding_regs                param2       000202
??_rec_isr                          param2       000227
??_start_timer3                     param2       000228
??_stop_timer3                      param2       000228
??_timer0_isr                       param2       000227
??_timer35_isr                      param2       000227
??_timer3_isr                       param2       000227
??_tx_isr                           param2       000227
??_write_single_holding_reg         param2       000202
?___aldiv                           param2       000228
?_get_speed                         param2       000227
?_init_pv1                          param2       000201
?_init_timer3                       param2       000201
?_main                              param2       000200
?_modbus_crc16                      param2       000210
?_modbus_receive                    param2       000201
?_my_isr                            param2       000219
?_pv1_isr                           param2       000227
?_read_holding_regs                 param2       000202
?_rec_isr                           param2       000227
?_start_timer3                      param2       000228
?_stop_timer3                       param2       000228
?_timer0_isr                        param2       000227
?_timer35_isr                       param2       000227
?_timer3_isr                        param2       000227
?_tx_isr                            param2       000227
?_write_single_holding_reg          param2       000202
F3867                               (abs)        00006B
F3892                               (abs)        00006C
F3893                               (abs)        000071
F3901                               (abs)        00006F
_ANSELA                             (abs)        000F38
_ANSELB                             (abs)        000F39
_ANSELC                             (abs)        000F3A
_BRGH1                              (abs)        007D62
_CREN1                              (abs)        007D5C
_GIE                                (abs)        007F97
_INT0IE                             (abs)        007F94
_INT0IF                             (abs)        007F91
_INT1IE                             (abs)        007F83
_INT1IF                             (abs)        007F80
_INTEDG0                            (abs)        007F8E
_INTEDG1                            (abs)        007F8D
_PEIE                               (abs)        007F96
_PORTC                              (abs)        000F82
_PORTCbits                          (abs)        000F82
_PSA                                (abs)        007EAB
_RB0                                (abs)        007C08
_RB1                                (abs)        007C09
_RC1IE                              (abs)        007CED
_RC1IF                              (abs)        007CF5
_RC1REG                             (abs)        000FAE
_SPBRG1                             (abs)        000FAF
_SPEN1                              (abs)        007D5F
_SYNC1                              (abs)        007D64
_T08BIT                             (abs)        007EAE
_T0CS                               (abs)        007EAD
_T0PS0                              (abs)        007EA8
_T0PS1                              (abs)        007EA9
_T0PS2                              (abs)        007EAA
_T1CKPS0                            (abs)        007E6C
_T1CKPS1                            (abs)        007E6D
_T3CKPS0                            (abs)        007D8C
_T3CKPS1                            (abs)        007D8D
_T5CKPS0                            (abs)        007A74
_T5CKPS1                            (abs)        007A75
_TMR0                               (abs)        000FD6
_TMR0IE                             (abs)        007F95
_TMR0IF                             (abs)        007F92
_TMR0ON                             (abs)        007EAF
_TMR1                               (abs)        000FCE
_TMR1CS0                            (abs)        007E6E
_TMR1CS1                            (abs)        007E6F
_TMR1IE                             (abs)        007CE8
_TMR1IF                             (abs)        007CF0
_TMR1ON                             (abs)        007E68
_TMR3                               (abs)        000FB2
_TMR3CS0                            (abs)        007D8E
_TMR3CS1                            (abs)        007D8F
_TMR3IE                             (abs)        007D01
_TMR3IF                             (abs)        007D09
_TMR3ON                             (abs)        007D88
_TMR5                               (abs)        000F4F
_TMR5CS0                            (abs)        007A76
_TMR5CS1                            (abs)        007A77
_TMR5IE                             (abs)        007BE9
_TMR5IF                             (abs)        007BF1
_TMR5ON                             (abs)        007A70
_TRISA5                             (abs)        007C95
_TRISB0                             (abs)        007C98
_TRISB1                             (abs)        007C99
_TRISC                              (abs)        000F94
_TX1IE                              (abs)        007CEC
_TX1IF                              (abs)        007CF4
_TX1REG                             (abs)        000FAD
_TXEN1                              (abs)        007D65
__Bnvbit                            nvbit        000035
__Brbit                             rbit         000035
__HRAM                              (abs)        000000
__Habsbss0                          (abs)        000071
__Habsbss1                          (abs)        0001C8
__Hbigbss                           bigbss       000237
__Hbigdata                          bigdata      000237
__Hbss                              bss          000072
__Hclrtext                          clrtext      00006C
__Hconfig                           config       30000E
__Hconst                            const        00006A
__Hdata                             data         00006C
__Hdata0                            (abs)        000072
__Heeprom_data                      eeprom_data  F00000
__Hend_init                         end_init     00006A
__Hfarbss                           farbss       000000
__Hfardata                          fardata      000000
__Hibigdata                         ibigdata     00006C
__Hidata                            idata        00006B
__Hidloc                            idloc        200000
__Hifardata                         ifardata     00006C
__Hinit                             init         000042
__Hintcode                          intcode      000018
__Hintcodelo                        intcodelo    000018
__Hintentry                         intentry     00006C
__Hintret                           intret       00006C
__Hintsave_regs                     intsave_regs 000237
__Hirdata                           irdata       00006C
__Hmediumconst                      mediumconst  008000
__Hnvbit                            nvbit        0001A8
__Hnvram                            nvram        00006C
__Hnvrram                           nvrram       000035
__Hparam                            param2       000237
__Hparam0                           param0       00006C
__Hparam1                           param1       00006C
__Hparam2                           param2       000237
__Hparam3                           param3       00006C
__Hparam4                           param4       00006C
__Hparam5                           param5       00006C
__Hpowerup                          powerup      000018
__Hramtop                           ramtop       000600
__Hrbit                             rbit         0001A8
__Hrbss                             rbss         000035
__Hrdata                            rdata        000035
__Hreset_vec                        reset_vec    000004
__Hrparam                           rparam       00006C
__Hsmallconst                       smallconst   000600
__Hstruct                           struct       000035
__Htemp                             temp         000035
__Htext                             text         00006C
__Htext0                            text0        00006C
__Htext1                            text1        00006C
__Htext10                           text10       00006C
__Htext11                           text11       00006C
__Htext12                           text12       00006C
__Htext13                           text13       00006C
__Htext14                           text14       00006C
__Htext15                           text15       00006C
__Htext16                           text16       00006C
__Htext17                           text17       00006C
__Htext18                           text18       00006C
__Htext2                            text2        00006C
__Htext3                            text3        00006C
__Htext4                            text4        00006C
__Htext5                            text5        00006C
__Htext6                            text6        00006C
__Htext7                            text7        00006C
__Htext8                            text8        00006C
__Htext9                            text9        00006C
__LRAM                              (abs)        000001
__Labsbss0                          (abs)        000000
__Labsbss1                          (abs)        000100
__Lbigbss                           bigbss       000237
__Lbigdata                          bigdata      000237
__Lbss                              bss          000072
__Lclrtext                          clrtext      00006C
__Lconfig                           config       300000
__Lconst                            const        00006A
__Ldata                             (abs)        000071
__Ldata0                            (abs)        000071
__Leeprom_data                      eeprom_data  F00000
__Lend_init                         end_init     000042
__Lfarbss                           farbss       000000
__Lfardata                          fardata      000000
__Libigdata                         ibigdata     00006C
__Lidata                            idata        00006A
__Lidloc                            idloc        200000
__Lifardata                         ifardata     00006C
__Linit                             init         000018
__Lintcode                          intcode      000008
__Lintcodelo                        intcodelo    000018
__Lintentry                         intentry     00006C
__Lintret                           intret       00006C
__Lintsave_regs                     intsave_regs 000237
__Lirdata                           irdata       00006C
__Lmediumconst                      mediumconst  007DFE
__Lnvbit                            nvbit        0001A8
__Lnvram                            nvram        00006C
__Lnvrram                           nvrram       000035
__Lparam                            param2       000200
__Lparam0                           param0       00006C
__Lparam1                           param1       00006C
__Lparam2                           param2       000200
__Lparam3                           param3       00006C
__Lparam4                           param4       00006C
__Lparam5                           param5       00006C
__Lpowerup                          powerup      000018
__Lramtop                           ramtop       000600
__Lrbit                             rbit         0001A8
__Lrbss                             rbss         000035
__Lrdata                            rdata        000035
__Lreset_vec                        reset_vec    000000
__Lrparam                           rparam       00006C
__Lsmallconst                       smallconst   000600
__Lstruct                           struct       000035
__Ltemp                             temp         000035
__Ltext                             text         00006C
__Ltext0                            text0        00006C
__Ltext1                            text1        00006C
__Ltext10                           text10       00006C
__Ltext11                           text11       00006C
__Ltext12                           text12       00006C
__Ltext13                           text13       00006C
__Ltext14                           text14       00006C
__Ltext15                           text15       00006C
__Ltext16                           text16       00006C
__Ltext17                           text17       00006C
__Ltext18                           text18       00006C
__Ltext2                            text2        00006C
__Ltext3                            text3        00006C
__Ltext4                            text4        00006C
__Ltext5                            text5        00006C
__Ltext6                            text6        00006C
__Ltext7                            text7        00006C
__Ltext8                            text8        00006C
__Ltext9                            text9        00006C
__S0                                (abs)        F00000
__S1                                (abs)        000500
___aldiv                            text15       0002C2
___aldiv@counter                    param2       000230
___aldiv@dividend                   param2       000228
___aldiv@divisor                    param2       00022C
___aldiv@quotient                   param2       000232
___aldiv@sign                       param2       000231
__accesstop                         (abs)        000060
__activetblptr                      (abs)        000002
__config1                           (abs)        00E9FF
__config10                          (abs)        00FFFF
__config11                          (abs)        00FFFF
__config2                           (abs)        00FFFF
__config3                           (abs)        00FFFF
__config4                           (abs)        00FFFF
__config5                           (abs)        00FFFF
__config6                           (abs)        00FFFF
__config7                           (abs)        00FFFF
__config8                           (abs)        00FFFF
__config9                           (abs)        00FFFF
__end_of___aldiv                    text15       0004B0
__end_of_get_speed                  text14       0006DA
__end_of_init_pv1                   text2        000CA2
__end_of_init_timer3                text3        000C8C
__end_of_main                       text0        000954
__end_of_modbus_crc16               text6        000A06
__end_of_modbus_receive             text1        0007E4
__end_of_my_isr                     text7        000B16
__end_of_pv1_isr                    text9        000C72
__end_of_read_holding_regs          text4        0002C2
__end_of_rec_isr                    text11       0005D0
__end_of_start_timer3               text16       000CBA
__end_of_stop_timer3                text17       000CAE
__end_of_timer0_isr                 text10       000C4E
__end_of_timer35_isr                text13       000B86
__end_of_timer3_isr                 text8        000BEA
__end_of_tx_isr                     text12       000A98
__end_of_write_single_holding_reg   text5        0008A0
__mediumconst                       mediumconst  007DFE
__ramtop                            ramtop       000600
__smallconst                        smallconst   000600
_aucCRCHi                           mediumconst  007DFE
_aucCRCLo                           mediumconst  007EFE
_count_1ms                          (abs)        000068
_count_2s_flg                       (abs)        000070
_exit                               init         000018
_get_speed                          text14       0005D0
_have_speed                         (abs)        00006E
_init_pv1                           text2        000C8C
_init_timer3                        text3        000C72
_main                               text0        0008A0
_modbus_crc16                       text6        000954
_modbus_receive                     text1        0006DA
_modbus_reg                         (abs)        000100
_my_isr                             text7        000A98
_pv1_isr                            text9        000C4E
_read_holding_regs                  text4        00006C
_rec_isr                            text11       0004B0
_rx_buf                             (abs)        000000
_rx_state                           (abs)        00006A
_start_timer3                       text16       000CAE
_stop_timer3                        text17       000CA2
_timer0_isr                         text10       000BEA
_timer35_isr                        text13       000B16
_timer3_isr                         text8        000B86
_tx_buf                             (abs)        000035
_tx_isr                             text12       000A06
_write_single_holding_reg           text5        0007E4
int_func                            intcode      000008
intlevel0                           text         000CBA
intlevel1                           text         000CBA
intlevel2                           text         000CBA
intlevel3                           text         000CBA
modbus_crc16@iIndex                 param2       000216
modbus_crc16@pucFrame               param2       000210
modbus_crc16@ucCRCHi                param2       000214
modbus_crc16@ucCRCLo                param2       000215
modbus_crc16@usLen                  param2       000212
read_holding_regs@data_crc          param2       000205
read_holding_regs@i                 param2       000202
read_holding_regs@num               param2       000207
read_holding_regs@start_addr        param2       000203
rec_isr@rec_data                    param2       000227
start                               init         000018
write_single_holding_reg@i          param2       000202
write_single_holding_reg@start_addr param2       000203
