HI-TECH Software C Compiler 

Linker command line:

--edf=d:\Program Files\HI-TECH Software\PICC-18\PRO\9.66\dat\en_msgs.txt \
  -cs -h+dist/default/production\pic_modbus.X.production.sym -z -Q18F25K22 \
  -ol.obj -Mdist/default/production/pic_modbus.X.production.map -E1 \
  -ACODE=00h-07FFFh -ACONST=00h-07FFFh -ASMALLCONST=0600h-06FFhx122 \
  -AMEDIUMCONST=0600h-07FFFh -ACOMRAM=00h-05Fh -ARAM=00h-0FFhx5,0500h-059Fh \
  -ABIGRAM=00h-059Fh -AABS1=00h-059Fh -ABANK0=00h-0FFh -ABANK1=0100h-01FFh \
  -ABANK2=0200h-02FFh -ABANK3=0300h-03FFh -ABANK4=0400h-04FFh \
  -ABANK5=0500h-059Fh -ANVRAM=0500h-059Fh \
  -preset_vec=00h,intcode=08h,intcodelo,powerup,init,end_init \
  -pramtop=0600h -psmallconst=SMALLCONST -pmediumconst=MEDIUMCONST \
  -pconst=CONST -pparam2=BANK2 -AFARRAM=00h-00h -ACONFIG=0300000h-030000Dh \
  -pconfig=CONFIG -AIDLOC=0200000h-0200007h -pidloc=IDLOC \
  -AEEDATA=0F00000h-0F000FFh -peeprom_data=EEDATA \
  -prdata=COMRAM,nvrram=COMRAM,nvbit=COMRAM,rbss=COMRAM,rbit=COMRAM \
  -pfarbss=FARRAM,fardata=FARRAM \
  -pintsave_regs=BIGRAM,bigbss=BIGRAM,bigdata=BIGRAM -pbss=RAM \
  -pidata=CODE,irdata=CODE,ibigdata=CODE,ifardata=CODE \
  C:\DOCUME~1\ADMINI~1\LOCALS~1\Temp\s4j8.obj \
  dist/default/production\pic_modbus.X.production.obj 

Object code version is 3.10

Machine type is 18F25K22

Call graph: (short form)

*_main size 0,0 offset 0
     _init_timer3 size 0,0 offset 0
     _init_pv1 size 0,0 offset 0
*    _modbus_receive size 0,1 offset 0
*        _modbus_crc16 size 4,5 offset 15
*        _read_holding_regs size 0,14 offset 1
*            _modbus_crc16 size 4,5 offset 15
         _write_single_holding_reg size 0,7 offset 1

Estimated maximum call depth: 3

*intlevel2 size 0,0 offset 24
*    _my_isr size 0,14 offset 24
         _rec_isr size 0,2 offset 38
         _tx_isr size 0,1 offset 38
         _timer35_isr size 0,1 offset 38
         _timer3_isr size 0,0 offset 38
*        _pv1_isr size 0,0 offset 38
*            _get_speed size 0,1 offset 38
                 _start_timer3 size 0,0 offset 39
                 _stop_timer3 size 0,0 offset 39
*                ___aldiv size 8,7 offset 39

Estimated maximum call depth: 4


                Name          Link     Load   Length Selector Space Scale
C:\DOCUME~1\ADMINI~1\LOCALS~1\Temp\s4j8.obj
                init            18       18       1E       4     0
                reset_vec        0        0        4       0     0
                end_init        36       36       28       4     0
                config      300000   300000        E  300000     0
dist/default/production\pic_modbus.X.production.obj
                intcode          8        8       10       4     0
                mediumcon     7DFE     7DFE      202    3EFF     0
                idata           5E       5E        1       4     0
                text13         6D2      6D2       FA      30     0
                text14         2BA      2BA      1EE      30     0
                text15         BF8      BF8        C      30     0
                text10         ACA      ACA       70      30     0
                text11         4A8      4A8      120      30     0
                text12         93A      93A       9E      30     0
                text16         BEC      BEC        C      30     0
                text2          BD6      BD6       16      30     0
                text3          BBC      BBC       1A      30     0
                text4           60       60      25A      30     0
                text0          A52      A52       78      30     0
                text1          5C8      5C8      10A      30     0
                text8          B3A      B3A       5E      30     0
                text9          B98      B98       24      30     0
                text5          7CC      7CC       BC      30     0
                text6          888      888       B2      30     0
                text7          9D8      9D8       7A      30     0

COMMON          param2         200      200       36     200     1

TOTAL           Name          Link     Load   Length  Space
        CLASS   CODE           
                init            18       18       1E     0
                intcode          8        8       10     0
                reset_vec        0        0        4     0
                end_init        36       36       28     0
                idata           5E       5E        1     0
                text13         6D2      6D2       FA     0
                text14         2BA      2BA      1EE     0
                text15         BF8      BF8        C     0
                text10         ACA      ACA       70     0
                text11         4A8      4A8      120     0
                text12         93A      93A       9E     0
                text16         BEC      BEC        C     0
                text2          BD6      BD6       16     0
                text3          BBC      BBC       1A     0
                text4           60       60      25A     0
                text0          A52      A52       78     0
                text1          5C8      5C8      10A     0
                text8          B3A      B3A       5E     0
                text9          B98      B98       24     0
                text5          7CC      7CC       BC     0
                text6          888      888       B2     0
                text7          9D8      9D8       7A     0

        CLASS   CONST          

        CLASS   SMALLCONST     

        CLASS   MEDIUMCONST    
                mediumcon     7DFE     7DFE      202     0

        CLASS   COMRAM         

        CLASS   RAM            

        CLASS   BIGRAM         

        CLASS   ABS1           
                abs_s1           0        0      137     1

        CLASS   BANK0          

        CLASS   BANK1          

        CLASS   BANK2          
                param2         200      200       36     1

        CLASS   BANK3          

        CLASS   BANK4          

        CLASS   BANK5          

        CLASS   NVRAM          

        CLASS   FARRAM         

        CLASS   CONFIG         
                config      300000   300000        E     0

        CLASS   IDLOC          

        CLASS   EEDATA         



SEGMENTS        Name           Load    Length   Top     Selector    Space Class

                reset_vec       000000  000004  000004         0       0  CODE    
                intcode         000008  000057  00005F         4       0  CODE    
                irdata          000060  000BA4  000C04        30       0  CODE    
                param2          000200  000036  000236       200       1  BANK2   
                mediumconst     007DFE  000202  008000      3EFF       0  MEDIUMCO
                config          300000  00000E  30000E    300000       0  CONFIG  


UNUSED ADDRESS RANGES

        BANK1            000137-0001FF
        BANK2            000236-0002FF
        BANK3            000300-0003FF
        BANK4            000400-0004FF
        BANK5            000500-00059F
        BIGRAM           000137-0001FF
                         000236-00059F
        CODE             000004-000007
                         00005F-00005F
                         000C04-007DFD
        CONST            000004-000007
                         00005F-00005F
                         000C04-007DFD
        EEDATA           F00000-F000FF
        IDLOC            200000-200007
        MEDIUMCONST      000C04-007DFD
        NVRAM            000500-00059F
        RAM              000137-0001FF
                         000236-00059F
        SMALLCONST       000C04-007DFD

                                  Symbol Table

??___aldiv                          param2       00022F
??_get_speed                        param2       000226
??_init_pv1                         param2       000200
??_init_timer3                      param2       000200
??_main                             param2       000200
??_modbus_crc16                     param2       000213
??_modbus_receive                   param2       000200
??_my_isr                           param2       000218
??_pv1_isr                          param2       000226
??_read_holding_regs                param2       000201
??_rec_isr                          param2       000226
??_start_timer3                     param2       000227
??_stop_timer3                      param2       000227
??_timer35_isr                      param2       000226
??_timer3_isr                       param2       000226
??_tx_isr                           param2       000226
??_write_single_holding_reg         param2       000201
?___aldiv                           param2       000227
?_get_speed                         param2       000226
?_init_pv1                          param2       000200
?_init_timer3                       param2       000200
?_main                              param2       000200
?_modbus_crc16                      param2       00020F
?_modbus_receive                    param2       000200
?_my_isr                            param2       000218
?_pv1_isr                           param2       000226
?_read_holding_regs                 param2       000201
?_rec_isr                           param2       000226
?_start_timer3                      param2       000227
?_stop_timer3                       param2       000227
?_timer35_isr                       param2       000226
?_timer3_isr                        param2       000226
?_tx_isr                            param2       000226
?_write_single_holding_reg          param2       000201
F3899                               (abs)        000133
F3911                               (abs)        000134
F3912                               (abs)        000136
_ANSELA                             (abs)        000F38
_ANSELB                             (abs)        000F39
_ANSELC                             (abs)        000F3A
_BRGH1                              (abs)        007D62
_CREN1                              (abs)        007D5C
_GIE                                (abs)        007F97
_INT0IE                             (abs)        007F94
_INT0IF                             (abs)        007F91
_INTEDG0                            (abs)        007F8E
_PEIE                               (abs)        007F96
_PORTC                              (abs)        000F82
_PORTCbits                          (abs)        000F82
_RA5                                (abs)        007C05
_RB0                                (abs)        007C08
_RC1IE                              (abs)        007CED
_RC1IF                              (abs)        007CF5
_RC1REG                             (abs)        000FAE
_SPBRG1                             (abs)        000FAF
_SPEN1                              (abs)        007D5F
_SYNC1                              (abs)        007D64
_T1CKPS0                            (abs)        007E6C
_T1CKPS1                            (abs)        007E6D
_T3CKPS0                            (abs)        007D8C
_T3CKPS1                            (abs)        007D8D
_TMR1                               (abs)        000FCE
_TMR1CS0                            (abs)        007E6E
_TMR1CS1                            (abs)        007E6F
_TMR1IE                             (abs)        007CE8
_TMR1IF                             (abs)        007CF0
_TMR1ON                             (abs)        007E68
_TMR3                               (abs)        000FB2
_TMR3CS0                            (abs)        007D8E
_TMR3CS1                            (abs)        007D8F
_TMR3IE                             (abs)        007D01
_TMR3IF                             (abs)        007D09
_TMR3ON                             (abs)        007D88
_TRISA5                             (abs)        007C95
_TRISB0                             (abs)        007C98
_TRISC                              (abs)        000F94
_TX1IE                              (abs)        007CEC
_TX1IF                              (abs)        007CF4
_TX1REG                             (abs)        000FAD
_TXEN1                              (abs)        007D65
__HRAM                              (abs)        000000
__Habsbss0                          (abs)        000136
__Hbigbss                           bigbss       000236
__Hbigdata                          bigdata      000236
__Hbss                              bss          0000FF
__Hclrtext                          clrtext      000060
__Hconfig                           config       30000E
__Hconst                            const        00005E
__Hdata                             data         000060
__Hdata0                            (abs)        000137
__Heeprom_data                      eeprom_data  F00000
__Hend_init                         end_init     00005E
__Hfarbss                           farbss       000000
__Hfardata                          fardata      000000
__Hibigdata                         ibigdata     000060
__Hidata                            idata        00005F
__Hidloc                            idloc        200000
__Hifardata                         ifardata     000060
__Hinit                             init         000036
__Hintcode                          intcode      000018
__Hintcodelo                        intcodelo    000018
__Hintentry                         intentry     000060
__Hintret                           intret       000060
__Hintsave_regs                     intsave_regs 000236
__Hirdata                           irdata       000060
__Hmediumconst                      mediumconst  008000
__Hnvbit                            nvbit        000000
__Hnvram                            nvram        000060
__Hnvrram                           nvrram       000000
__Hparam                            param2       000236
__Hparam0                           param0       000060
__Hparam1                           param1       000060
__Hparam2                           param2       000236
__Hparam3                           param3       000060
__Hparam4                           param4       000060
__Hparam5                           param5       000060
__Hpowerup                          powerup      000018
__Hramtop                           ramtop       000600
__Hrbit                             rbit         000000
__Hrbss                             rbss         000000
__Hrdata                            rdata        000000
__Hreset_vec                        reset_vec    000004
__Hrparam                           rparam       000060
__Hsmallconst                       smallconst   000600
__Hstruct                           struct       000000
__Htemp                             temp         000000
__Htext                             text         000060
__Htext0                            text0        000060
__Htext1                            text1        000060
__Htext10                           text10       000060
__Htext11                           text11       000060
__Htext12                           text12       000060
__Htext13                           text13       000060
__Htext14                           text14       000060
__Htext15                           text15       000060
__Htext16                           text16       000060
__Htext17                           text17       000060
__Htext2                            text2        000060
__Htext3                            text3        000060
__Htext4                            text4        000060
__Htext5                            text5        000060
__Htext6                            text6        000060
__Htext7                            text7        000060
__Htext8                            text8        000060
__Htext9                            text9        000060
__LRAM                              (abs)        000001
__Labsbss0                          (abs)        000000
__Lbigbss                           bigbss       000236
__Lbigdata                          bigdata      000236
__Lbss                              bss          0000FF
__Lclrtext                          clrtext      000060
__Lconfig                           config       300000
__Lconst                            const        00005E
__Ldata                             (abs)        000136
__Ldata0                            (abs)        000136
__Leeprom_data                      eeprom_data  F00000
__Lend_init                         end_init     000036
__Lfarbss                           farbss       000000
__Lfardata                          fardata      000000
__Libigdata                         ibigdata     000060
__Lidata                            idata        00005E
__Lidloc                            idloc        200000
__Lifardata                         ifardata     000060
__Linit                             init         000018
__Lintcode                          intcode      000008
__Lintcodelo                        intcodelo    000018
__Lintentry                         intentry     000060
__Lintret                           intret       000060
__Lintsave_regs                     intsave_regs 000236
__Lirdata                           irdata       000060
__Lmediumconst                      mediumconst  007DFE
__Lnvbit                            nvbit        000000
__Lnvram                            nvram        000060
__Lnvrram                           nvrram       000000
__Lparam                            param2       000200
__Lparam0                           param0       000060
__Lparam1                           param1       000060
__Lparam2                           param2       000200
__Lparam3                           param3       000060
__Lparam4                           param4       000060
__Lparam5                           param5       000060
__Lpowerup                          powerup      000018
__Lramtop                           ramtop       000600
__Lrbit                             rbit         000000
__Lrbss                             rbss         000000
__Lrdata                            rdata        000000
__Lreset_vec                        reset_vec    000000
__Lrparam                           rparam       000060
__Lsmallconst                       smallconst   000600
__Lstruct                           struct       000000
__Ltemp                             temp         000000
__Ltext                             text         000060
__Ltext0                            text0        000060
__Ltext1                            text1        000060
__Ltext10                           text10       000060
__Ltext11                           text11       000060
__Ltext12                           text12       000060
__Ltext13                           text13       000060
__Ltext14                           text14       000060
__Ltext15                           text15       000060
__Ltext16                           text16       000060
__Ltext17                           text17       000060
__Ltext2                            text2        000060
__Ltext3                            text3        000060
__Ltext4                            text4        000060
__Ltext5                            text5        000060
__Ltext6                            text6        000060
__Ltext7                            text7        000060
__Ltext8                            text8        000060
__Ltext9                            text9        000060
__S0                                (abs)        F00000
__S1                                (abs)        000500
___aldiv                            text14       0002BA
___aldiv@counter                    param2       00022F
___aldiv@dividend                   param2       000227
___aldiv@divisor                    param2       00022B
___aldiv@quotient                   param2       000231
___aldiv@sign                       param2       000230
__accesstop                         (abs)        000060
__activetblptr                      (abs)        000002
__config1                           (abs)        00E9FF
__config10                          (abs)        00FFFF
__config11                          (abs)        00FFFF
__config2                           (abs)        00FFFF
__config3                           (abs)        00FFFF
__config4                           (abs)        00FFFF
__config5                           (abs)        00FFFF
__config6                           (abs)        00FFFF
__config7                           (abs)        00FFFF
__config8                           (abs)        00FFFF
__config9                           (abs)        00FFFF
__end_of___aldiv                    text14       0004A8
__end_of_get_speed                  text13       0007CC
__end_of_init_pv1                   text2        000BEC
__end_of_init_timer3                text3        000BD6
__end_of_main                       text0        000ACA
__end_of_modbus_crc16               text6        00093A
__end_of_modbus_receive             text1        0006D2
__end_of_my_isr                     text7        000A52
__end_of_pv1_isr                    text9        000BBC
__end_of_read_holding_regs          text4        0002BA
__end_of_rec_isr                    text11       0005C8
__end_of_start_timer3               text16       000BF8
__end_of_stop_timer3                text15       000C04
__end_of_timer35_isr                text10       000B3A
__end_of_timer3_isr                 text8        000B98
__end_of_tx_isr                     text12       0009D8
__end_of_write_single_holding_reg   text5        000888
__mediumconst                       mediumconst  007DFE
__ramtop                            ramtop       000600
__smallconst                        smallconst   000600
_aucCRCHi                           mediumconst  007DFE
_aucCRCLo                           mediumconst  007EFE
_count_10ms                         (abs)        0000FD
_exit                               init         000018
_get_speed                          text13       0006D2
_init_pv1                           text2        000BD6
_init_timer3                        text3        000BBC
_main                               text0        000A52
_modbus_crc16                       text6        000888
_modbus_receive                     text1        0005C8
_modbus_reg                         (abs)        000035
_my_isr                             text7        0009D8
_pv1_isr                            text9        000B98
_read_holding_regs                  text4        000060
_rec_isr                            text11       0004A8
_rx_buf                             (abs)        000000
_rx_state                           (abs)        0000FF
_start_timer3                       text16       000BEC
_stop_timer3                        text15       000BF8
_timer35_isr                        text10       000ACA
_timer3_isr                         text8        000B3A
_tx_buf                             (abs)        000100
_tx_isr                             text12       00093A
_write_single_holding_reg           text5        0007CC
int_func                            intcode      000008
intlevel0                           text         000C04
intlevel1                           text         000C04
intlevel2                           text         000C04
intlevel3                           text         000C04
modbus_crc16@iIndex                 param2       000215
modbus_crc16@pucFrame               param2       00020F
modbus_crc16@ucCRCHi                param2       000213
modbus_crc16@ucCRCLo                param2       000214
modbus_crc16@usLen                  param2       000211
read_holding_regs@data_crc          param2       000204
read_holding_regs@i                 param2       000201
read_holding_regs@num               param2       000206
read_holding_regs@start_addr        param2       000202
rec_isr@rec_data                    param2       000226
start                               init         000018
write_single_holding_reg@i          param2       000201
write_single_holding_reg@start_addr param2       000202
